// Jest Snapshot v1, https://goo.gl/fbAQLP

exports[`Testing missions component: 1`] = `
<div>
  <div
    className="table-responsive"
  >
    <table
      className="table table-striped table-bordered"
    >
      <thead>
        <tr>
          <th>
            Mission
          </th>
          <th>
            Description
          </th>
          <th>
            Status
          </th>
          <th />
        </tr>
      </thead>
      <tbody />
    </table>
  </div>
</div>
`;
